Before applying any configurations:

R2#show ip ro rip
Codes: L - local, C - connected, S - static, R - RIP, M - mobile, B - BGP
       D - EIGRP, EX - EIGRP external, O - OSPF, IA - OSPF inter area
       N1 - OSPF NSSA external type 1, N2 - OSPF NSSA external type 2
       E1 - OSPF external type 1, E2 - OSPF external type 2
       i - IS-IS, su - IS-IS summary, L1 - IS-IS level-1, L2 - IS-IS level-2
       ia - IS-IS inter area, * - candidate default, U - per-user static route
       o - ODR, P - periodic downloaded static route, H - NHRP, l - LISP
       a - application route
       + - replicated route, % - next hop override

Gateway of last resort is not set

      150.1.0.0/32 is subnetted, 10 subnets
R        150.1.1.1 [120/2] via 155.1.0.1, 00:00:22, Tunnel0
R        150.1.3.3 [120/2] via 155.1.0.3, 00:00:22, Tunnel0
R        150.1.4.4 [120/2] via 155.1.0.4, 00:00:22, Tunnel0
R        150.1.5.5 [120/1] via 155.1.0.5, 00:00:22, Tunnel0
R        150.1.6.6 [120/3] via 155.1.0.1, 00:00:22, Tunnel0
R        150.1.7.7 [120/3] via 155.1.0.3, 00:00:22, Tunnel0
R        150.1.8.8 [120/2] via 155.1.0.5, 00:00:22, Tunnel0
R        150.1.9.9 [120/4] via 155.1.0.3, 00:00:22, Tunnel0
R        150.1.10.10 [120/3] via 155.1.0.5, 00:00:22, Tunnel0
      155.1.0.0/16 is variably subnetted, 15 subnets, 2 masks
R        155.1.5.0/24 [120/1] via 155.1.0.5, 00:00:22, Tunnel0
R        155.1.7.0/24 [120/3] via 155.1.0.3, 00:00:22, Tunnel0
R        155.1.8.0/24 [120/2] via 155.1.0.5, 00:00:22, Tunnel0
R        155.1.9.0/24 [120/4] via 155.1.0.3, 00:00:22, Tunnel0
R        155.1.10.0/24 [120/3] via 155.1.0.5, 00:00:22, Tunnel0
R        155.1.13.0/24 [120/2] via 155.1.0.1, 00:00:22, Tunnel0
R        155.1.37.0/24 [120/2] via 155.1.0.3, 00:00:22, Tunnel0
R        155.1.45.0/24 [120/1] via 155.1.0.5, 00:00:22, Tunnel0
R        155.1.58.0/24 [120/1] via 155.1.0.5, 00:00:22, Tunnel0
R        155.1.67.0/24 [120/3] via 155.1.0.1, 00:00:22, Tunnel0
R        155.1.79.0/24 [120/3] via 155.1.0.3, 00:00:22, Tunnel0
R        155.1.108.0/24 [120/2] via 155.1.0.5, 00:00:22, Tunnel0
R        155.1.146.0/24 [120/2] via 155.1.0.1, 00:00:22, Tunnel0
R2#

R5#show ip ro rip
Codes: L - local, C - connected, S - static, R - RIP, M - mobile, B - BGP
       D - EIGRP, EX - EIGRP external, O - OSPF, IA - OSPF inter area
       N1 - OSPF NSSA external type 1, N2 - OSPF NSSA external type 2
       E1 - OSPF external type 1, E2 - OSPF external type 2
       i - IS-IS, su - IS-IS summary, L1 - IS-IS level-1, L2 - IS-IS level-2
       ia - IS-IS inter area, * - candidate default, U - per-user static route
       o - ODR, P - periodic downloaded static route, H - NHRP, l - LISP
       a - application route
       + - replicated route, % - next hop override

Gateway of last resort is not set

      150.1.0.0/32 is subnetted, 10 subnets
R        150.1.1.1 [120/1] via 155.1.0.1, 00:00:15, Tunnel0
R        150.1.2.2 [120/1] via 155.1.0.2, 00:00:07, Tunnel0
R        150.1.3.3 [120/1] via 155.1.0.3, 00:00:09, Tunnel0
R        150.1.4.4 [120/1] via 155.1.45.4, 00:00:18, Ethernet0/1.45
                   [120/1] via 155.1.0.4, 00:00:13, Tunnel0
R        150.1.6.6 [120/2] via 155.1.0.1, 00:00:15, Tunnel0
R        150.1.7.7 [120/2] via 155.1.0.3, 00:00:09, Tunnel0
R        150.1.8.8 [120/1] via 155.1.58.8, 00:00:16, Ethernet0/1.58
R        150.1.9.9 [120/3] via 155.1.0.3, 00:00:09, Tunnel0
R        150.1.10.10 [120/2] via 155.1.58.8, 00:00:16, Ethernet0/1.58
      155.1.0.0/16 is variably subnetted, 18 subnets, 2 masks
R        155.1.7.0/24 [120/2] via 155.1.0.3, 00:00:09, Tunnel0
R        155.1.8.0/24 [120/1] via 155.1.58.8, 00:00:16, Ethernet0/1.58
R        155.1.9.0/24 [120/3] via 155.1.0.3, 00:00:09, Tunnel0
R        155.1.10.0/24 [120/2] via 155.1.58.8, 00:00:16, Ethernet0/1.58
R        155.1.13.0/24 [120/1] via 155.1.0.3, 00:00:09, Tunnel0
                       [120/1] via 155.1.0.1, 00:00:15, Tunnel0
R        155.1.37.0/24 [120/1] via 155.1.0.3, 00:00:09, Tunnel0
R        155.1.67.0/24 [120/2] via 155.1.0.3, 00:00:09, Tunnel0
                       [120/2] via 155.1.0.1, 00:00:15, Tunnel0
R        155.1.79.0/24 [120/2] via 155.1.0.3, 00:00:09, Tunnel0
R        155.1.108.0/24 [120/1] via 155.1.58.8, 00:00:16, Ethernet0/1.58
R        155.1.146.0/24 [120/1] via 155.1.0.1, 00:00:15, Tunnel0
R5#


In Task1: after applying the configurations in R5: only

R5#debug ip rip events
RIP event debugging is on
00:12:43: RIP: ignored v2 packet from 155.1.0.2 (invalid authentication)
00:12:43: RIP: ignored v2 packet from 155.1.0.3 (invalid authentication)
00:12:44: RIP: ignored v2 packet from 155.1.0.1 (invalid authentication)
00:13:10: RIP: ignored v2 packet from 155.1.0.4 (invalid authentication)
<clipped>

R5#show ip ro rip | b Gateway
Gateway of last resort is not set

      150.1.0.0/32 is subnetted, 4 subnets
R        150.1.4.4 [120/1] via 155.1.45.4, 00:00:06, Ethernet0/1.45
R        150.1.8.8 [120/1] via 155.1.58.8, 00:00:24, Ethernet0/1.58
R        150.1.10.10 [120/2] via 155.1.58.8, 00:00:24, Ethernet0/1.58
      155.1.0.0/16 is variably subnetted, 11 subnets, 2 masks
R        155.1.8.0/24 [120/1] via 155.1.58.8, 00:00:24, Ethernet0/1.58
R        155.1.10.0/24 [120/2] via 155.1.58.8, 00:00:24, Ethernet0/1.58
R        155.1.108.0/24 [120/1] via 155.1.58.8, 00:00:24, Ethernet0/1.58
R5#

R2#show ip ro rip
Codes: L - local, C - connected, S - static, R - RIP, M - mobile, B - BGP
       D - EIGRP, EX - EIGRP external, O - OSPF, IA - OSPF inter area
       N1 - OSPF NSSA external type 1, N2 - OSPF NSSA external type 2
       E1 - OSPF external type 1, E2 - OSPF external type 2
       i - IS-IS, su - IS-IS summary, L1 - IS-IS level-1, L2 - IS-IS level-2
       ia - IS-IS inter area, * - candidate default, U - per-user static route
       o - ODR, P - periodic downloaded static route, H - NHRP, l - LISP
       a - application route
       + - replicated route, % - next hop override

Gateway of last resort is not set

R2#debug ip rip events
RIP event debugging is on
00:17:54: RIP: ignored v2 packet from 155.1.0.5 (invalid authentication)
<clipped>


After configuring Authentication in R2:

R2#debug ip rip events
RIP event debugging is on
00:21:06: RIP: received v2 update from 155.1.0.5 on Tunnel0
00:21:06: RIP: Update contains 11 routes
<clipped>

R2#debug ip rip
RIP protocol debugging is on
00:34:29: RIP: received packet with MD5 authentication
00:34:29: RIP: received v2 update from 155.1.0.5 on Tunnel0
<clipped>

R2#show ip ro rip | b Gateway
Gateway of last resort is not set

      150.1.0.0/32 is subnetted, 5 subnets
R        150.1.4.4 [120/2] via 155.1.0.5, 00:00:27, Tunnel0
R        150.1.5.5 [120/1] via 155.1.0.5, 00:00:27, Tunnel0
R        150.1.8.8 [120/2] via 155.1.0.5, 00:00:27, Tunnel0
R        150.1.10.10 [120/3] via 155.1.0.5, 00:00:27, Tunnel0
      155.1.0.0/16 is variably subnetted, 8 subnets, 2 masks
R        155.1.5.0/24 [120/1] via 155.1.0.5, 00:00:27, Tunnel0
R        155.1.8.0/24 [120/2] via 155.1.0.5, 00:00:27, Tunnel0
R        155.1.10.0/24 [120/3] via 155.1.0.5, 00:00:27, Tunnel0
R        155.1.45.0/24 [120/1] via 155.1.0.5, 00:00:27, Tunnel0
R        155.1.58.0/24 [120/1] via 155.1.0.5, 00:00:27, Tunnel0
R        155.1.108.0/24 [120/2] via 155.1.0.5, 00:00:27, Tunnel0
R2#


After configuring Authentication for the rest of the DMVPN devices

R5#show ip ro rip | b Gateway
Gateway of last resort is not set

      150.1.0.0/32 is subnetted, 10 subnets
R        150.1.1.1 [120/2] via 155.1.0.3, 00:00:06, Tunnel0
R        150.1.2.2 [120/1] via 155.1.0.2, 00:00:08, Tunnel0
R        150.1.3.3 [120/1] via 155.1.0.3, 00:00:06, Tunnel0
R        150.1.4.4 [120/1] via 155.1.45.4, 00:00:23, Ethernet0/1.45
                   [120/1] via 155.1.0.4, 00:00:19, Tunnel0
R        150.1.6.6 [120/3] via 155.1.0.3, 00:00:06, Tunnel0
R        150.1.7.7 [120/2] via 155.1.0.3, 00:00:06, Tunnel0
R        150.1.8.8 [120/1] via 155.1.58.8, 00:00:11, Ethernet0/1.58
R        150.1.9.9 [120/3] via 155.1.0.3, 00:00:06, Tunnel0
R        150.1.10.10 [120/2] via 155.1.58.8, 00:00:11, Ethernet0/1.58
      155.1.0.0/16 is variably subnetted, 18 subnets, 2 masks
R        155.1.7.0/24 [120/2] via 155.1.0.3, 00:00:06, Tunnel0
R        155.1.8.0/24 [120/1] via 155.1.58.8, 00:00:11, Ethernet0/1.58
R        155.1.9.0/24 [120/3] via 155.1.0.3, 00:00:06, Tunnel0
R        155.1.10.0/24 [120/2] via 155.1.58.8, 00:00:11, Ethernet0/1.58
R        155.1.13.0/24 [120/1] via 155.1.0.3, 00:00:06, Tunnel0
R        155.1.37.0/24 [120/1] via 155.1.0.3, 00:00:06, Tunnel0
R        155.1.67.0/24 [120/2] via 155.1.0.3, 00:00:06, Tunnel0
R        155.1.79.0/24 [120/2] via 155.1.0.3, 00:00:06, Tunnel0
R        155.1.108.0/24 [120/1] via 155.1.58.8, 00:00:11, Ethernet0/1.58
R        155.1.146.0/24 [120/2] via 155.1.0.3, 00:00:06, Tunnel0
R5#

R2#show ip ro rip | b Gateway
Gateway of last resort is not set

      150.1.0.0/32 is subnetted, 10 subnets
R        150.1.1.1 [120/3] via 155.1.0.3, 00:00:03, Tunnel0
R        150.1.3.3 [120/2] via 155.1.0.3, 00:00:03, Tunnel0
R        150.1.4.4 [120/2] via 155.1.0.5, 00:02:00, Tunnel0
                   [120/2] via 155.1.0.4, 00:00:03, Tunnel0
R        150.1.5.5 [120/1] via 155.1.0.5, 00:00:03, Tunnel0
R        150.1.6.6 [120/4] via 155.1.0.3, 00:00:03, Tunnel0
R        150.1.7.7 [120/3] via 155.1.0.3, 00:00:03, Tunnel0
R        150.1.8.8 [120/2] via 155.1.0.5, 00:00:03, Tunnel0
R        150.1.9.9 [120/4] via 155.1.0.3, 00:00:03, Tunnel0
R        150.1.10.10 [120/3] via 155.1.0.5, 00:00:03, Tunnel0
      155.1.0.0/16 is variably subnetted, 15 subnets, 2 masks
R        155.1.5.0/24 [120/1] via 155.1.0.5, 00:00:03, Tunnel0
R        155.1.7.0/24 [120/3] via 155.1.0.3, 00:00:03, Tunnel0
R        155.1.8.0/24 [120/2] via 155.1.0.5, 00:00:03, Tunnel0
R        155.1.9.0/24 [120/4] via 155.1.0.3, 00:00:03, Tunnel0
R        155.1.10.0/24 [120/3] via 155.1.0.5, 00:00:03, Tunnel0
R        155.1.13.0/24 [120/2] via 155.1.0.3, 00:00:03, Tunnel0
R        155.1.37.0/24 [120/2] via 155.1.0.3, 00:00:03, Tunnel0
R        155.1.45.0/24 [120/1] via 155.1.0.5, 00:00:03, Tunnel0
R        155.1.58.0/24 [120/1] via 155.1.0.5, 00:00:03, Tunnel0
R        155.1.67.0/24 [120/3] via 155.1.0.3, 00:00:03, Tunnel0
R        155.1.79.0/24 [120/3] via 155.1.0.3, 00:00:03, Tunnel0
R        155.1.108.0/24 [120/2] via 155.1.0.5, 00:00:03, Tunnel0
R        155.1.146.0/24 [120/3] via 155.1.0.3, 00:00:03, Tunnel0
R2#


In Task2: before apply authentication:

R1#show ip ro rip | inc .146
R        150.1.6.6 [120/1] via 155.1.146.6, 00:00:23, Ethernet0/1.146
R        150.1.7.7 [120/2] via 155.1.146.6, 00:00:23, Ethernet0/1.146
R        150.1.9.9 [120/3] via 155.1.146.6, 00:00:23, Ethernet0/1.146
R        155.1.7.0/24 [120/2] via 155.1.146.6, 00:00:23, Ethernet0/1.146
R        155.1.9.0/24 [120/3] via 155.1.146.6, 00:00:23, Ethernet0/1.146
R        155.1.67.0/24 [120/1] via 155.1.146.6, 00:00:23, Ethernet0/1.146
R        155.1.79.0/24 [120/2] via 155.1.146.6, 00:00:23, Ethernet0/1.146
R1#

R6#show ip ro rip | inc .146
R        150.1.1.1 [120/1] via 155.1.146.1, 00:00:12, Ethernet0/1.146
R        150.1.2.2 [120/4] via 155.1.146.1, 00:00:12, Ethernet0/1.146
R        150.1.3.3 [120/2] via 155.1.146.1, 00:00:12, Ethernet0/1.146
R        150.1.4.4 [120/4] via 155.1.146.1, 00:00:12, Ethernet0/1.146
R        150.1.5.5 [120/3] via 155.1.146.1, 00:00:12, Ethernet0/1.146
R        150.1.8.8 [120/4] via 155.1.146.1, 00:00:12, Ethernet0/1.146
R        150.1.10.10 [120/5] via 155.1.146.1, 00:00:12, Ethernet0/1.146
R        155.1.0.0/24 [120/1] via 155.1.146.1, 00:00:12, Ethernet0/1.146
R        155.1.5.0/24 [120/3] via 155.1.146.1, 00:00:12, Ethernet0/1.146
R        155.1.8.0/24 [120/4] via 155.1.146.1, 00:00:12, Ethernet0/1.146
R        155.1.10.0/24 [120/5] via 155.1.146.1, 00:00:12, Ethernet0/1.146
R        155.1.13.0/24 [120/1] via 155.1.146.1, 00:00:12, Ethernet0/1.146
R        155.1.45.0/24 [120/3] via 155.1.146.1, 00:00:12, Ethernet0/1.146
R        155.1.58.0/24 [120/3] via 155.1.146.1, 00:00:12, Ethernet0/1.146
R        155.1.108.0/24 [120/4] via 155.1.146.1, 00:00:12, Ethernet0/1.146
R6#


In Task2: after applying the authentication in R1:

R1#debug ip rip events
RIP event debugging is on
00:48:07: RIP: ignored v2 packet from 155.1.146.6 (invalid authentication)
<clipped>

R6#debug ip rip events
RIP event debugging is on
00:50:36: RIP: ignored v2 packet from 155.1.146.1 (invalid authentication)
<clipped>


In Task2: after applying the authentication in R6:

R6#debug ip rip
RIP protocol debugging is on
00:54:46: RIP: received packet with text authentication CCIE
00:54:46: RIP: received v2 update from 155.1.146.1 on Ethernet0/1.146
<clipped>

R6#show ip ro rip | inc .146
R        150.1.1.1 [120/1] via 155.1.146.1, 00:00:05, Ethernet0/1.146
R        150.1.2.2 [120/3] via 155.1.146.1, 00:00:05, Ethernet0/1.146
R        150.1.3.3 [120/2] via 155.1.146.1, 00:00:05, Ethernet0/1.146
R        150.1.4.4 [120/3] via 155.1.146.1, 00:00:05, Ethernet0/1.146
R        150.1.5.5 [120/2] via 155.1.146.1, 00:00:05, Ethernet0/1.146
R        150.1.8.8 [120/3] via 155.1.146.1, 00:00:05, Ethernet0/1.146
R        150.1.10.10 [120/4] via 155.1.146.1, 00:00:05, Ethernet0/1.146
R        155.1.0.0/24 [120/1] via 155.1.146.1, 00:00:05, Ethernet0/1.146
R        155.1.5.0/24 [120/2] via 155.1.146.1, 00:00:05, Ethernet0/1.146
R        155.1.8.0/24 [120/3] via 155.1.146.1, 00:00:05, Ethernet0/1.146
R        155.1.10.0/24 [120/4] via 155.1.146.1, 00:00:05, Ethernet0/1.146
R        155.1.13.0/24 [120/1] via 155.1.146.1, 00:00:05, Ethernet0/1.146
R        155.1.45.0/24 [120/2] via 155.1.146.1, 00:00:05, Ethernet0/1.146
R        155.1.58.0/24 [120/2] via 155.1.146.1, 00:00:05, Ethernet0/1.146
R        155.1.108.0/24 [120/3] via 155.1.146.1, 00:00:05, Ethernet0/1.146
R6#


R1#debug ip rip
RIP protocol debugging is on
00:57:25: RIP: received packet with MD5 authentication
00:57:25: RIP: received v2 update from 155.1.0.5 on Tunnel0
00:57:29: RIP: received packet with text authentication CCIE
00:57:29: RIP: received v2 update from 155.1.146.6 on Ethernet0/1.146
<clipped>
